// Jest Snapshot v1, https://goo.gl/fbAQLP

exports[`HyperTable - basic should render as expected 1`] = `
<div>
  <div
    class="Wrapper-0-2-1 Wrapper-d0-0-2-2"
  >
    <div
      class="TableContainer-0-2-7 TableContainer-d0-0-2-14"
    >
      <table
        class="Table-0-2-8"
      >
        <tbody>
          <tr>
            <td
              colspan="0"
            >
              <div
                style="position: sticky; left: 0px; text-align: center; margin: 30px 0px;"
              >
                no data
              </div>
            </td>
          </tr>
        </tbody>
      </table>
    </div>
  </div>
</div>
`;
